// Jest Snapshot v1, https://goo.gl/fbAQLP

exports[`Link Test should render correctly 1`] = `ShallowWrapper {}`;
